// Jest Snapshot v1, https://goo.gl/fbAQLP

exports[`Test on file <GifExpertApp /> Must match the snapshot 1`] = `
<div>
  <h1>
    Gif Expert App
  </h1>
  <hr />
  <form
    aria-label="form"
  >
    <input
      type="text"
      value=""
    />
  </form>
</div>
`;
